[ru.html]
[en.html]
[backblue.gif]
[fade.gif]
[index.html]
[assets/application-9970ff11ea018036a2c8090aaff0c82d.css]
[svn/trunk/html5.js]
[assets/layout/mblt13-cbadb613e238542eb3602b78fac82c16.png]
[ru/timetable.html]
[ru/speakers.html]
[ru/pages/contacts.html]
[ru/pages/report.html]
[ru/subscriptions/hide]
[ru_RU/all.js]
[assets/layout/mblt13-d0265b6a413b4be922f0c41f310c0193.b.delayed]
[img194/9157/date2x.jpg]
[system/partner_logos/60/medium/e-legion0ca1.png]
[system/partner_logos/61/medium/raekf452.png]
[system/partner_logos/62/medium/dotsandspaces17cc.png]
[system/partner_logos/63/medium/digitaloctober14e9.png]
[system/partner_logos/89/medium/aviasales35ad.png]
[system/partner_logos/85/medium/ubank393b.png]
[system/partner_logos/76/medium/vostokventures8f78.png]
[system/partner_logos/72/medium/vesti9fcd.png]
[system/partner_logos/86/medium/therunet151e.png]
[system/partner_logos/68/medium/russiabtb9a7.png]
[system/partner_logos/65/medium/iguidesf0b7.png]
[system/partner_logos/83/medium/hopesandfears1a1b.png]
[system/partner_logos/80/medium/batukhtina8cc3.png]
[system/partner_logos/79/thumb/amg7595.png]
[system/partner_logos/71/thumb/rusbasefbec.png]
[system/partner_logos/92/thumb/maile580.png]
[system/partner_logos/69/thumb/apps4allfccd.png]
[system/partner_logos/84/thumb/gazeta36a8.png]
[system/partner_logos/73/thumb/keddr7dd4.png]
[system/partner_logos/87/thumb/mdday0211.png]
[system/partner_logos/75/thumb/macster4b0f.png]
[system/partner_logos/81/thumb/rucenter5c37.png]
[system/partner_logos/67/thumb/cnews62a5.png]
[system/partner_logos/74/thumb/it-sobytie1743.png]
[system/partner_logos/66/thumb/nomobileead7.png]
[system/partner_logos/82/thumb/s27886.png]
[system/partner_logos/70/thumb/macradar8680.png]
[system/partner_logos/88/thumb/epochtaace6.png]
[system/partner_logos/90/thumb/vshbib99b.png]
[system/partner_logos/91/thumb/2gis5c70.png]
[assets/layout/logo_gray-4749fa0442ff73c66df30f09dda39a2f.png]
[ru.html]
[metrika/watch.js]
[en/timetable.html]
[en/speakers.html]
[en/pages/contacts.html]
[en/pages/report.html]
[en/subscriptions/hide]
[en_US/all.js]
[en.html]
[assets/PTN57F_W.eot]
[assets/PTN57F_W.woff]
[assets/PTN57F_W.ttf]
[assets/PTN77F_W.eot]
[assets/PTN77F_W.woff]
[assets/PTN77F_W.ttf]
[assets/bebasneuecyrillic-webfont.eot]
[assets/bebasneuecyrillic-webfont.woff]
[assets/bebasneuecyrillic-webfont.ttf]
[assets/banners/banner1/bg_banner.jpg]
[assets/banners/video.png]
[assets/banners/report.png]
[assets/banners/presentation.png]
[assets/banners/photo.png]
[assets/banners/hide.png]
[assets/layout/subscribe_bg.png]
[assets/layout/subscribe_bg_en.png]
[assets/contacts/map.jpg]
[assets/icons/presentation.png]
[assets/icons/video.png]
[assets/mblt_background_static.jpg]
[assets/prev.png]
[assets/next.png]
[assets/application-9970ff11ea018036a2c8090aaff0c82d.css]
[system/speaker_logos/150/small_thumb/Untitled-112817.jpg]
[system/speaker_logos/181/small_thumb/YVg_(1)ecf6.jpg]
[system/speaker_logos/190/small_thumb/shimadaf0e5.jpg]
[system/speaker_logos/177/small_thumb/Batuhtina28f4.jpg]
[system/speaker_logos/175/small_thumb/Tihanov1024.jpg]
[system/speaker_logos/184/small_thumb/Чесаковef1d.jpg]
[system/speaker_logos/165/small_thumb/Kimae38.jpg]
[system/speaker_logos/185/small_thumb/Potemkinfc55.jpg]
[system/speaker_logos/170/small_thumb/1137129000d.jpg]
[system/speaker_logos/176/small_thumb/Kozlov10fb.jpg]
[system/speaker_logos/155/small_thumb/mateo90b3.jpg]
[system/speaker_logos/186/small_thumb/kovalenko8c2d.jpg]
[system/speaker_logos/158/small_thumb/ciaraa9ae.jpg]
[system/speaker_logos/157/small_thumb/flo2ac1.jpg]
[system/speaker_logos/167/small_thumb/volin17b6.jpg]
[system/speaker_logos/191/small_thumb/Nakajima755d.jpg]
[system/speaker_logos/194/small_thumb/Untitled-3100d.jpg]
[system/speaker_logos/178/small_thumb/Kashulinskya8f9.jpg]
[system/speaker_logos/164/small_thumb/Shabanov96c1.jpg]
[system/speaker_logos/192/small_thumb/kondrashin1f43.jpg]
[system/speaker_logos/193/small_thumb/v28041201_bezkorovayniy_l_1_9d62.jpg]
[system/speaker_logos/166/small_thumb/christian520e.jpg]
[system/speaker_logos/189/small_thumb/Alexander-Ragozin1e39.jpg]
[system/speaker_logos/173/small_thumb/Lazarev7448.jpg]
[system/speaker_logos/172/small_thumb/Pirlih99c2.jpg]
[system/speaker_logos/169/small_thumb/Kubaineshvili05f5.jpg]
[system/speaker_logos/162/small_thumb/speakers_Kopenen38a2.png]
[system/speaker_logos/152/small_thumb/charles748a.jpg]
[system/speaker_logos/156/small_thumb/rory75ee.jpg]
[system/speaker_logos/174/small_thumb/Cameron9d78.jpg]
[system/speaker_logos/182/small_thumb/Kozlov_Ivan5d73.jpg]
[system/speaker_logos/183/small_thumb/Shajhov44e0.jpg]
[system/speaker_logos/168/small_thumb/Gruner9c8d.jpg]
[system/speaker_logos/163/small_thumb/speakers_Pizonca15.png]
[system/speaker_logos/187/small_thumb/krasinskiy9084.jpg]
[ru/timetable.html]
[system/speaker_logos/150/big_thumb/Untitled-112817.jpg]
[system/speaker_logos/165/big_thumb/Kimae38.jpg]
[system/speaker_logos/189/big_thumb/Alexander-Ragozin1e39.jpg]
[system/speaker_logos/175/big_thumb/Tihanov1024.jpg]
[system/speaker_logos/190/big_thumb/shimadaf0e5.jpg]
[system/speaker_logos/163/big_thumb/speakers_Pizonca15.png]
[system/speaker_logos/182/big_thumb/Kozlov_Ivan5d73.jpg]
[system/speaker_logos/172/big_thumb/Pirlih99c2.jpg]
[system/speaker_logos/156/big_thumb/rory75ee.jpg]
[system/speaker_logos/157/big_thumb/flo2ac1.jpg]
[system/speaker_logos/158/big_thumb/ciaraa9ae.jpg]
[system/speaker_logos/181/big_thumb/YVg_(1)ecf6.jpg]
[system/speaker_logos/183/big_thumb/Shajhov44e0.jpg]
[system/speaker_logos/177/big_thumb/Batuhtina28f4.jpg]
[system/speaker_logos/186/big_thumb/kovalenko8c2d.jpg]
[system/speaker_logos/178/big_thumb/Kashulinskya8f9.jpg]
[system/speaker_logos/152/big_thumb/charles748a.jpg]
[system/speaker_logos/162/big_thumb/speakers_Kopenen38a2.png]
[system/speaker_logos/167/big_thumb/volin17b6.jpg]
[system/speaker_logos/176/big_thumb/Kozlov10fb.jpg]
[system/speaker_logos/155/big_thumb/mateo90b3.jpg]
[system/speaker_logos/191/big_thumb/Nakajima755d.jpg]
[system/speaker_logos/168/big_thumb/Gruner9c8d.jpg]
[system/speaker_logos/166/big_thumb/christian520e.jpg]
[system/speaker_logos/169/big_thumb/Kubaineshvili05f5.jpg]
[system/speaker_logos/164/big_thumb/Shabanov96c1.jpg]
[system/speaker_logos/161/big_thumb/speakers_Belenko5ce7.png]
[system/speaker_logos/193/big_thumb/v28041201_bezkorovayniy_l_1_9d62.jpg]
[system/speaker_logos/174/big_thumb/Cameron9d78.jpg]
[ru/speakers.html]
[ru/pages/contacts.html]
[vi/ArHDi0EQZ6Y/1.jpg]
[vi/EMMIONrZZwc/1.jpg]
[vi/dLC0oSF86hc/1.jpg]
[img42/1935/b15k.jpg]
[img153/520/j4oo.jpg]
[img690/7323/0pq9.jpg]
[vi/oSRWTiuppD0/1.jpg]
[vi/0N58Xocylw4/1.jpg]
[vi/rxCsvYoBxVE/1.jpg]
[vi/savKWVYc9d0/1.jpg]
[img32/7966/cqhi.jpg]
[img853/5065/6dz6.jpg]
[img507/9454/9icl.jpg]
[vi/KN5oWnJyo6g/1.jpg]
[vi/PtxZf2E_AE0/1.jpg]
[vi/l8RgSRUCGr4/1.jpg]
[vi/rUcvPfqHZBg/1.jpg]
[vi/gLYz4YKBhGY/1.jpg]
[vi/hyJjRBB3BEM/1.jpg]
[img62/202/mblt111.jpg]
[img818/1548/mblt222.jpg]
[img89/3149/mblt333d.jpg]
[ru/pages/report.html]
[ru/subscriptions/hide.html]
[restserver.php]
[ru_RU/all.js]
[assets/layout/mblt13-d0265b6a413b4be922f0c41f310c0193.html]
[system/partner_logos/78/medium/slon5a23.png]
[assets/loading.gif]
[assets/close.png]
[assets/application-3fe1d9f154575ccda4c5a9a0d6906005.js]
[get]
[POST]
[metrika/watch.js]
[en/timetable.html]
[en/speakers.html]
[en/pages/contacts.html]
[en/pages/report.html]
[en/subscriptions/hide.html]
[en_US/all.js]
[assets/PTN57F_W.svg]
[assets/PTN77F_W.svg]
[assets/bebasneuecyrillic-webfontd41d.eot]
[ABCDEFGHIJKLMNOPQRSTUVWXYZabcdefghijklmnopqrstuvwxyz0123456789+.ab.delayed]
[ABCDEFGHIJKLMNOPQRSTUVWXYZabcdefghijklmnopqrstuvwxyz0123456789+/index.html]
[index-2.html]
[restserver.html]
[dialog]
[dialog/index.html]
[en/index.html]
[get.html]
[path=]
[path=/index.html]
[POST.html]
[assets/bebasneuecyrillic-webfont.svg]
[ABCDEFGHIJKLMNOPQRSTUVWXYZabcdefghijklmnopqrstuvwxyz0123456789+.html]
[dialog.html]
[path=.html]
